[33mÔØ»[39m Building...
[32mÔ£ö[39m Building...
Application bundle generation failed. [7.592 seconds]

npx : [1m[31m[31mX [41;3
1m[[41;97mERROR[41;31m][0
m [1mNG5002: Incomplete 
block "mawiidi". If you 
meant to write the @ 
character, you should use 
the "&#64;" HTML entity 
instead.[0m 
[1m[35m[plugin 
angular-compiler][0m
At line:1 char:1
+ npx ng build 2>&1 | 
Out-File -FilePath 
build_output.log -Encoding 
UTF ...
+ ~~~~~~~~~~~~~~~~~
    + CategoryInfo          
    : NotSpecified: ([1m  
  [31m[31mX...r-compiler   
 ][0m:String) [], Remot    
eException
    + FullyQualifiedErrorId 
    : NativeCommandError
 

    src/app/components/landi
ng/landing.component.html:14
7:33:
[37m      147 Ôöé          
       <p>Email: contact[32
m@mawiidi[37m.ma</p>
          ÔòÁ               
                   
[32m~~~~~~~~[0m

  Error occurs in the 
template of component 
LandingComponent.

    src/app/components/landi
ng/landing.component.ts:11:1
7:
[37m      11 Ôöé     
templateUrl: [32m'./landing
.component.html'[37m,
         ÔòÁ                
  [32m~~~~~~~~~~~~~~~~~~~~~
~~~~~[0m

[39m[22m
